*** Using Compiler 'V5.06 update 6 (build 750)', folder: 'C:\Keil_v5\ARM\ARMCC\Bin'
Rebuild target 'Foot_bath_robot1'
assembling startup_stm32f103xb.s...
compiling stm32f1xx_hal_gpio_ex.c...
compiling freertos.c...
compiling dma.c...
compiling stm32f1xx_hal_timebase_tim.c...
compiling main.c...
compiling adc.c...
compiling tim.c...
compiling stm32f1xx_it.c...
compiling gpio.c...
compiling usart.c...
compiling stm32f1xx_hal_msp.c...
compiling stm32f1xx_hal.c...
compiling stm32f1xx_hal_tim.c...
compiling stm32f1xx_hal_pwr.c...
compiling stm32f1xx_hal_dma.c...
compiling stm32f1xx_hal_adc.c...
compiling stm32f1xx_hal_tim_ex.c...
compiling stm32f1xx_hal_rcc_ex.c...
compiling croutine.c...
compiling event_groups.c...
compiling stm32f1xx_hal_adc_ex.c...
compiling list.c...
compiling queue.c...
compiling stream_buffer.c...
compiling stm32f1xx_hal_gpio.c...
compiling stm32f1xx_hal_cortex.c...
compiling timers.c...
compiling tasks.c...
compiling heap_4.c...
compiling stm32f1xx_hal_rcc.c...
compiling port.c...
compiling stm32f1xx_hal_flash_ex.c...
compiling system_stm32f1xx.c...
compiling stm32f1xx_hal_flash.c...
compiling stm32f1xx_hal_exti.c...
compiling stm32f1xx_hal_uart.c...
compiling power_manager.c...
compiling color_light.c...
compiling log.c...
compiling motor_control.c...
compiling pump_valve.c...
compiling sensor.c...
compiling cmsis_os2.c...
compiling temp_control.c...
compiling system_monitor.c...
compiling uv_lamp.c...
compiling uart_comm.c...
linking...
Program Size: Code=34324 RO-data=1496 RW-data=308 ZI-data=17316  
FromELF: creating hex file...
"Foot_bath_robot1\Foot_bath_robot1.axf" - 0 Error(s), 0 Warning(s).
Build Time Elapsed:  00:00:44
