*** Using Compiler 'V5.06 update 6 (build 750)', folder: 'C:\Keil_v5\ARM\ARMCC\Bin'
Build target 'Foot_bath_robot1'
compiling app_bucket.c...
compiling uv_lamp.c...
compiling log.c...
compiling motor_control.c...
compiling power_manager.c...
compiling temp_control.c...
compiling config_console.c...
compiling pump_valve.c...
compiling system_monitor.c...
compiling sensor.c...
compiling device_config.c...
compiling rtos_tasks.c...
compiling uart_comm.c...
linking...
Program Size: Code=42384 RO-data=1880 RW-data=352 ZI-data=17872  
FromELF: creating hex file...
"Foot_bath_robot1\Foot_bath_robot1.axf" - 0 Error(s), 0 Warning(s).
Build Time Elapsed:  00:00:11
